Traceback (most recent call last):
  File "PRIVATE_PATH", line 40, in <module>
    row = check(folder, policy, graphs, option)
          ^^^^^^^^^^^^^^^^^^^^^^^^^^^^^^^^^^^^^
  File "PRIVATE_PATH", line 124, in decorate_context
    return func(*args, **kwargs)
           ^^^^^^^^^^^^^^^^^^^^^
  File "PRIVATE_PATH", line 134, in check_parcae_fp8
    for output in engine.step():
                  ^^^^^^^^^^^^^
  File "PRIVATE_PATH", line 286, in step
    return self._step()
           ^^^^^^^^^^^^
  File "PRIVATE_PATH", line 320, in _step
    result = self.model_runner.execute(batch)
             ^^^^^^^^^^^^^^^^^^^^^^^^^^^^^^^^
  File "PRIVATE_PATH", line 491, in execute
    result = self._execute(batch)
             ^^^^^^^^^^^^^^^^^^^^
  File "PRIVATE_PATH", line 124, in decorate_context
    return func(*args, **kwargs)
           ^^^^^^^^^^^^^^^^^^^^^
  File "PRIVATE_PATH", line 389, in _execute
    self._prefill(batch)
  File "PRIVATE_PATH", line 275, in _prefill
    hidden = self._prefill_tokens(ids, positions, tokens)
             ^^^^^^^^^^^^^^^^^^^^^^^^^^^^^^^^^^^^^^^^^^^^
  File "PRIVATE_PATH", line 351, in _prefill_tokens
    hidden, _ = self._core(hidden, ids, [depth] * len(ids), positions, workspace, size)
                ^^^^^^^^^^^^^^^^^^^^^^^^^^^^^^^^^^^^^^^^^^^^^^^^^^^^^^^^^^^^^^^^^^^^^^^
  File "PRIVATE_PATH", line 249, in _core
    return self.model.recurrent_prepared(
           ^^^^^^^^^^^^^^^^^^^^^^^^^^^^^^
  File "PRIVATE_PATH", line 258, in recurrent_prepared
    state = self._blocks(self.transformer.core_block, state, tokens, batch, cache)
            ^^^^^^^^^^^^^^^^^^^^^^^^^^^^^^^^^^^^^^^^^^^^^^^^^^^^^^^^^^^^^^^^^^^^^^
  File "PRIVATE_PATH", line 238, in _blocks
    hidden = block(hidden, values, freqs, batch, cache)
             ^^^^^^^^^^^^^^^^^^^^^^^^^^^^^^^^^^^^^^^^^^
  File "PRIVATE_PATH", line 1778, in _wrapped_call_impl
    return self._call_impl(*args, **kwargs)
           ^^^^^^^^^^^^^^^^^^^^^^^^^^^^^^^^
  File "PRIVATE_PATH", line 1789, in _call_impl
    return forward_call(*args, **kwargs)
           ^^^^^^^^^^^^^^^^^^^^^^^^^^^^^
  File "PRIVATE_PATH", line 110, in forward
    real = pairs[..., 0] * freqs[..., 0] - pairs[..., 1] * freqs[..., 1]
           ~~~~~~~~~~~~~~^~~~~~~~~~~~~~~
RuntimeError: The size of tensor a (6) must match the size of tensor b (8) at non-singleton dimension 0
