Traceback (most recent call last):
  File "PRIVATE_PATH", line 40, in <module>
    row = check(folder, policy, graphs, option)
          ^^^^^^^^^^^^^^^^^^^^^^^^^^^^^^^^^^^^^
  File "PRIVATE_PATH", line 124, in decorate_context
    return func(*args, **kwargs)
           ^^^^^^^^^^^^^^^^^^^^^
  File "PRIVATE_PATH", line 136, in check_huginn_fp8
    for output in engine.step():
                  ^^^^^^^^^^^^^
  File "PRIVATE_PATH", line 223, in step
    return self._step()
           ^^^^^^^^^^^^
  File "PRIVATE_PATH", line 257, in _step
    result = self.model_runner.execute(batch)
             ^^^^^^^^^^^^^^^^^^^^^^^^^^^^^^^^
  File "PRIVATE_PATH", line 470, in execute
    result = self._execute(batch)
             ^^^^^^^^^^^^^^^^^^^^
  File "PRIVATE_PATH", line 124, in decorate_context
    return func(*args, **kwargs)
           ^^^^^^^^^^^^^^^^^^^^^
  File "PRIVATE_PATH", line 368, in _execute
    self._prefill(batch)
  File "PRIVATE_PATH", line 268, in _prefill
    hidden = self._prefill_tokens(ids, positions, tokens)
             ^^^^^^^^^^^^^^^^^^^^^^^^^^^^^^^^^^^^^^^^^^^^
  File "PRIVATE_PATH", line 330, in _prefill_tokens
    hidden, _ = self._core(hidden, ids, [depth] * len(ids), positions, workspace, size)
                ^^^^^^^^^^^^^^^^^^^^^^^^^^^^^^^^^^^^^^^^^^^^^^^^^^^^^^^^^^^^^^^^^^^^^^^
  File "PRIVATE_PATH", line 242, in _core
    return self.model.recurrent_prepared(
           ^^^^^^^^^^^^^^^^^^^^^^^^^^^^^^
  File "PRIVATE_PATH", line 267, in recurrent_prepared
    state = block(state, freqs, batch, cache)
            ^^^^^^^^^^^^^^^^^^^^^^^^^^^^^^^^^
  File "PRIVATE_PATH", line 1778, in _wrapped_call_impl
    return self._call_impl(*args, **kwargs)
           ^^^^^^^^^^^^^^^^^^^^^^^^^^^^^^^^
  File "PRIVATE_PATH", line 1789, in _call_impl
    return forward_call(*args, **kwargs)
           ^^^^^^^^^^^^^^^^^^^^^^^^^^^^^
  File "PRIVATE_PATH", line 96, in forward
    real = pair[..., 0] * cos - pair[..., 1] * sin
           ~~~~~~~~~~~~~^~~~~
RuntimeError: The size of tensor a (6) must match the size of tensor b (8) at non-singleton dimension 1
