{"model_family": "nanbeige", "skip_loop_final_norm": false, "policy": "DYN", "graphs": false, "fused_norm": false, "repeated_requests": 6, "physical_packed_weights": 14, "scratch_bytes": 7360, "captures": 0, "replays": 0, "export_roundtrip": true, "test_payload_removed": true}
{"model_family": "nanbeige", "skip_loop_final_norm": true, "policy": "DYN", "graphs": false, "fused_norm": false, "repeated_requests": 6, "physical_packed_weights": 14, "scratch_bytes": 7360, "captures": 0, "replays": 0, "export_roundtrip": true, "test_payload_removed": true}
{"model_family": "nanbeige", "skip_loop_final_norm": false, "policy": "DYN", "graphs": false, "fused_norm": true, "repeated_requests": 6, "physical_packed_weights": 14, "scratch_bytes": 7360, "captures": 0, "replays": 0, "export_roundtrip": true, "test_payload_removed": true}
{"model_family": "nanbeige", "skip_loop_final_norm": true, "policy": "DYN", "graphs": false, "fused_norm": true, "repeated_requests": 6, "physical_packed_weights": 14, "scratch_bytes": 7360, "captures": 0, "replays": 0, "export_roundtrip": true, "test_payload_removed": true}
{"model_family": "nanbeige", "skip_loop_final_norm": false, "policy": "DYN", "graphs": true, "fused_norm": false, "repeated_requests": 6, "physical_packed_weights": 14, "scratch_bytes": 7360, "captures": 2, "replays": 12, "export_roundtrip": true, "test_payload_removed": true}
{"model_family": "nanbeige", "skip_loop_final_norm": true, "policy": "DYN", "graphs": true, "fused_norm": false, "repeated_requests": 6, "physical_packed_weights": 14, "scratch_bytes": 7360, "captures": 2, "replays": 12, "export_roundtrip": true, "test_payload_removed": true}
{"model_family": "nanbeige", "skip_loop_final_norm": false, "policy": "DYN", "graphs": true, "fused_norm": true, "repeated_requests": 6, "physical_packed_weights": 14, "scratch_bytes": 7360, "captures": 2, "replays": 12, "export_roundtrip": true, "test_payload_removed": true}
{"model_family": "nanbeige", "skip_loop_final_norm": true, "policy": "DYN", "graphs": true, "fused_norm": true, "repeated_requests": 6, "physical_packed_weights": 14, "scratch_bytes": 7360, "captures": 2, "replays": 12, "export_roundtrip": true, "test_payload_removed": true}
{"model_family": "nanbeige", "skip_loop_final_norm": false, "policy": "SH1", "graphs": false, "fused_norm": false, "repeated_requests": 6, "physical_packed_weights": 14, "scratch_bytes": 7360, "captures": 0, "replays": 0, "export_roundtrip": true, "test_payload_removed": true}
{"model_family": "nanbeige", "skip_loop_final_norm": true, "policy": "SH1", "graphs": false, "fused_norm": false, "repeated_requests": 6, "physical_packed_weights": 14, "scratch_bytes": 7360, "captures": 0, "replays": 0, "export_roundtrip": true, "test_payload_removed": true}
{"model_family": "nanbeige", "skip_loop_final_norm": false, "policy": "SH1", "graphs": false, "fused_norm": true, "repeated_requests": 6, "physical_packed_weights": 14, "scratch_bytes": 7360, "captures": 0, "replays": 0, "export_roundtrip": true, "test_payload_removed": true}
{"model_family": "nanbeige", "skip_loop_final_norm": true, "policy": "SH1", "graphs": false, "fused_norm": true, "repeated_requests": 6, "physical_packed_weights": 14, "scratch_bytes": 7360, "captures": 0, "replays": 0, "export_roundtrip": true, "test_payload_removed": true}
{"model_family": "nanbeige", "skip_loop_final_norm": false, "policy": "SH1", "graphs": true, "fused_norm": false, "repeated_requests": 6, "physical_packed_weights": 14, "scratch_bytes": 7360, "captures": 2, "replays": 12, "export_roundtrip": true, "test_payload_removed": true}
{"model_family": "nanbeige", "skip_loop_final_norm": true, "policy": "SH1", "graphs": true, "fused_norm": false, "repeated_requests": 6, "physical_packed_weights": 14, "scratch_bytes": 7360, "captures": 2, "replays": 12, "export_roundtrip": true, "test_payload_removed": true}
{"model_family": "nanbeige", "skip_loop_final_norm": false, "policy": "SH1", "graphs": true, "fused_norm": true, "repeated_requests": 6, "physical_packed_weights": 14, "scratch_bytes": 7360, "captures": 2, "replays": 12, "export_roundtrip": true, "test_payload_removed": true}
{"model_family": "nanbeige", "skip_loop_final_norm": true, "policy": "SH1", "graphs": true, "fused_norm": true, "repeated_requests": 6, "physical_packed_weights": 14, "scratch_bytes": 7360, "captures": 2, "replays": 12, "export_roundtrip": true, "test_payload_removed": true}
{"model_family": "nanbeige", "skip_loop_final_norm": false, "policy": "ST2", "graphs": false, "fused_norm": false, "repeated_requests": 6, "physical_packed_weights": 14, "scratch_bytes": 7360, "captures": 0, "replays": 0, "export_roundtrip": true, "test_payload_removed": true}
{"model_family": "nanbeige", "skip_loop_final_norm": true, "policy": "ST2", "graphs": false, "fused_norm": false, "repeated_requests": 6, "physical_packed_weights": 14, "scratch_bytes": 7360, "captures": 0, "replays": 0, "export_roundtrip": true, "test_payload_removed": true}
{"model_family": "nanbeige", "skip_loop_final_norm": false, "policy": "ST2", "graphs": false, "fused_norm": true, "repeated_requests": 6, "physical_packed_weights": 14, "scratch_bytes": 7360, "captures": 0, "replays": 0, "export_roundtrip": true, "test_payload_removed": true}
{"model_family": "nanbeige", "skip_loop_final_norm": true, "policy": "ST2", "graphs": false, "fused_norm": true, "repeated_requests": 6, "physical_packed_weights": 14, "scratch_bytes": 7360, "captures": 0, "replays": 0, "export_roundtrip": true, "test_payload_removed": true}
{"model_family": "nanbeige", "skip_loop_final_norm": false, "policy": "ST2", "graphs": true, "fused_norm": false, "repeated_requests": 6, "physical_packed_weights": 14, "scratch_bytes": 7360, "captures": 2, "replays": 12, "export_roundtrip": true, "test_payload_removed": true}
{"model_family": "nanbeige", "skip_loop_final_norm": true, "policy": "ST2", "graphs": true, "fused_norm": false, "repeated_requests": 6, "physical_packed_weights": 14, "scratch_bytes": 7360, "captures": 2, "replays": 12, "export_roundtrip": true, "test_payload_removed": true}
{"model_family": "nanbeige", "skip_loop_final_norm": false, "policy": "ST2", "graphs": true, "fused_norm": true, "repeated_requests": 6, "physical_packed_weights": 14, "scratch_bytes": 7360, "captures": 2, "replays": 12, "export_roundtrip": true, "test_payload_removed": true}
{"model_family": "nanbeige", "skip_loop_final_norm": true, "policy": "ST2", "graphs": true, "fused_norm": true, "repeated_requests": 6, "physical_packed_weights": 14, "scratch_bytes": 7360, "captures": 2, "replays": 12, "export_roundtrip": true, "test_payload_removed": true}
{"model_family": "nanbeige", "skip_loop_final_norm": false, "policy": "LOOP", "graphs": false, "fused_norm": false, "repeated_requests": 6, "physical_packed_weights": 14, "scratch_bytes": 7360, "captures": 0, "replays": 0, "export_roundtrip": true, "test_payload_removed": true}
{"model_family": "nanbeige", "skip_loop_final_norm": true, "policy": "LOOP", "graphs": false, "fused_norm": false, "repeated_requests": 6, "physical_packed_weights": 14, "scratch_bytes": 7360, "captures": 0, "replays": 0, "export_roundtrip": true, "test_payload_removed": true}
{"model_family": "nanbeige", "skip_loop_final_norm": false, "policy": "LOOP", "graphs": false, "fused_norm": true, "repeated_requests": 6, "physical_packed_weights": 14, "scratch_bytes": 7360, "captures": 0, "replays": 0, "export_roundtrip": true, "test_payload_removed": true}
{"model_family": "nanbeige", "skip_loop_final_norm": true, "policy": "LOOP", "graphs": false, "fused_norm": true, "repeated_requests": 6, "physical_packed_weights": 14, "scratch_bytes": 7360, "captures": 0, "replays": 0, "export_roundtrip": true, "test_payload_removed": true}
{"model_family": "nanbeige", "skip_loop_final_norm": false, "policy": "LOOP", "graphs": true, "fused_norm": false, "repeated_requests": 6, "physical_packed_weights": 14, "scratch_bytes": 7360, "captures": 2, "replays": 12, "export_roundtrip": true, "test_payload_removed": true}
{"model_family": "nanbeige", "skip_loop_final_norm": true, "policy": "LOOP", "graphs": true, "fused_norm": false, "repeated_requests": 6, "physical_packed_weights": 14, "scratch_bytes": 7360, "captures": 2, "replays": 12, "export_roundtrip": true, "test_payload_removed": true}
{"model_family": "nanbeige", "skip_loop_final_norm": false, "policy": "LOOP", "graphs": true, "fused_norm": true, "repeated_requests": 6, "physical_packed_weights": 14, "scratch_bytes": 7360, "captures": 2, "replays": 12, "export_roundtrip": true, "test_payload_removed": true}
{"model_family": "nanbeige", "skip_loop_final_norm": true, "policy": "LOOP", "graphs": true, "fused_norm": true, "repeated_requests": 6, "physical_packed_weights": 14, "scratch_bytes": 7360, "captures": 2, "replays": 12, "export_roundtrip": true, "test_payload_removed": true}
